
> pog-ultimate@1.0.0 type-check
> tsc --noEmit

src/frontend/components/hub/WorkspaceSpine.tsx(27,11): error TS2739: Type '{ code: ({ id: string; icon: string; label: string; hotkey: string; color: string; capability: string; defaultParams: { prompt: string; code?: undefined; path?: undefined; }; } | { id: string; icon: string; ... 4 more ...; defaultParams: { ...; }; } | { ...; })[]; ... 31 more ...; classic: ({ ...; } | { ...; })[]; }' is missing the following properties from type 'Record<WorkspaceMode, Tool[]>': landscape, idauditor, versioncontrol
src/frontend/components/workspaces/AnimationWorkspace.tsx(48,29): error TS2322: Type 'string | null' is not assignable to type 'string | undefined'.
  Type 'null' is not assignable to type 'string | undefined'.
src/services/ai/limbs/LiveGameLimb.ts(108,45): error TS18004: No value exists in scope for the shorthand property 'type'. Either declare one or provide an initializer.
src/services/ai/limbs/LiveGameLimb.ts(121,45): error TS18004: No value exists in scope for the shorthand property 'type'. Either declare one or provide an initializer.
src/services/ai/limbs/LiveGameLimb.ts(126,36): error TS18004: No value exists in scope for the shorthand property 'type'. Either declare one or provide an initializer.
